Loading training images...
Loaded 100000 images of shape (64, 64, 3)
Epoch 1/100 - Train Loss: 6.3187, Train Acc: 1.71%, Test Loss: 6.3486, Test Acc: 1.60%
Epoch 2/100 - Train Loss: 6.2434, Train Acc: 2.41%, Test Loss: 6.2945, Test Acc: 2.10%
Epoch 3/100 - Train Loss: 6.1820, Train Acc: 3.06%, Test Loss: 6.2526, Test Acc: 2.41%
Epoch 4/100 - Train Loss: 6.1241, Train Acc: 3.58%, Test Loss: 6.2131, Test Acc: 2.83%
Epoch 5/100 - Train Loss: 6.0667, Train Acc: 4.09%, Test Loss: 6.1748, Test Acc: 3.17%
Epoch 6/100 - Train Loss: 6.0087, Train Acc: 4.74%, Test Loss: 6.1367, Test Acc: 3.53%
Epoch 7/100 - Train Loss: 5.9499, Train Acc: 5.28%, Test Loss: 6.0995, Test Acc: 3.73%
Epoch 8/100 - Train Loss: 5.8912, Train Acc: 5.97%, Test Loss: 6.0635, Test Acc: 3.96%
Epoch 9/100 - Train Loss: 5.8338, Train Acc: 6.64%, Test Loss: 6.0295, Test Acc: 4.24%
Epoch 10/100 - Train Loss: 5.7785, Train Acc: 7.19%, Test Loss: 5.9985, Test Acc: 4.54%
Epoch 11/100 - Train Loss: 5.7250, Train Acc: 7.82%, Test Loss: 5.9702, Test Acc: 4.69%
Epoch 12/100 - Train Loss: 5.6745, Train Acc: 8.43%, Test Loss: 5.9453, Test Acc: 4.88%
Epoch 13/100 - Train Loss: 5.6268, Train Acc: 9.00%, Test Loss: 5.9232, Test Acc: 5.08%
Epoch 14/100 - Train Loss: 5.5814, Train Acc: 9.56%, Test Loss: 5.9029, Test Acc: 5.27%
Epoch 15/100 - Train Loss: 5.5388, Train Acc: 10.08%, Test Loss: 5.8851, Test Acc: 5.41%
Epoch 16/100 - Train Loss: 5.4972, Train Acc: 10.58%, Test Loss: 5.8685, Test Acc: 5.55%
Epoch 17/100 - Train Loss: 5.4576, Train Acc: 11.10%, Test Loss: 5.8539, Test Acc: 5.67%
Epoch 18/100 - Train Loss: 5.4193, Train Acc: 11.68%, Test Loss: 5.8398, Test Acc: 5.84%
Epoch 19/100 - Train Loss: 5.3817, Train Acc: 12.21%, Test Loss: 5.8271, Test Acc: 5.96%
Epoch 20/100 - Train Loss: 5.3454, Train Acc: 12.77%, Test Loss: 5.8156, Test Acc: 6.16%
Epoch 21/100 - Train Loss: 5.3101, Train Acc: 13.29%, Test Loss: 5.8053, Test Acc: 6.21%
Epoch 22/100 - Train Loss: 5.2754, Train Acc: 13.85%, Test Loss: 5.7960, Test Acc: 6.25%
Epoch 23/100 - Train Loss: 5.2412, Train Acc: 14.40%, Test Loss: 5.7872, Test Acc: 6.37%
Epoch 24/100 - Train Loss: 5.2076, Train Acc: 14.94%, Test Loss: 5.7791, Test Acc: 6.44%
Epoch 25/100 - Train Loss: 5.1745, Train Acc: 15.49%, Test Loss: 5.7718, Test Acc: 6.60%
Epoch 26/100 - Train Loss: 5.1417, Train Acc: 16.04%, Test Loss: 5.7651, Test Acc: 6.73%
Epoch 27/100 - Train Loss: 5.1094, Train Acc: 16.62%, Test Loss: 5.7593, Test Acc: 6.77%
Epoch 28/100 - Train Loss: 5.0775, Train Acc: 17.21%, Test Loss: 5.7546, Test Acc: 6.80%
Epoch 29/100 - Train Loss: 5.0460, Train Acc: 17.76%, Test Loss: 5.7503, Test Acc: 6.84%
Epoch 30/100 - Train Loss: 5.0147, Train Acc: 18.28%, Test Loss: 5.7464, Test Acc: 6.87%
Epoch 31/100 - Train Loss: 4.9836, Train Acc: 18.95%, Test Loss: 5.7429, Test Acc: 6.92%
Epoch 32/100 - Train Loss: 4.9527, Train Acc: 19.48%, Test Loss: 5.7402, Test Acc: 6.98%
Epoch 33/100 - Train Loss: 4.9215, Train Acc: 20.06%, Test Loss: 5.7378, Test Acc: 6.98%
Epoch 34/100 - Train Loss: 4.8910, Train Acc: 20.62%, Test Loss: 5.7359, Test Acc: 7.04%
Epoch 35/100 - Train Loss: 4.8603, Train Acc: 21.14%, Test Loss: 5.7344, Test Acc: 7.12%
Epoch 36/100 - Train Loss: 4.8294, Train Acc: 21.78%, Test Loss: 5.7336, Test Acc: 7.17%
Epoch 37/100 - Train Loss: 4.7989, Train Acc: 22.34%, Test Loss: 5.7335, Test Acc: 7.22%
Epoch 38/100 - Train Loss: 4.7681, Train Acc: 22.92%, Test Loss: 5.7338, Test Acc: 7.21%
Epoch 39/100 - Train Loss: 4.7376, Train Acc: 23.51%, Test Loss: 5.7343, Test Acc: 7.29%
Epoch 40/100 - Train Loss: 4.7072, Train Acc: 24.11%, Test Loss: 5.7356, Test Acc: 7.37%
Epoch 41/100 - Train Loss: 4.6770, Train Acc: 24.69%, Test Loss: 5.7378, Test Acc: 7.40%
Epoch 42/100 - Train Loss: 4.6465, Train Acc: 25.27%, Test Loss: 5.7404, Test Acc: 7.41%
Epoch 43/100 - Train Loss: 4.6161, Train Acc: 25.84%, Test Loss: 5.7433, Test Acc: 7.46%
Epoch 44/100 - Train Loss: 4.5857, Train Acc: 26.43%, Test Loss: 5.7470, Test Acc: 7.47%
Epoch 45/100 - Train Loss: 4.5548, Train Acc: 27.04%, Test Loss: 5.7508, Test Acc: 7.40%
Epoch 46/100 - Train Loss: 4.5242, Train Acc: 27.63%, Test Loss: 5.7556, Test Acc: 7.41%
Epoch 47/100 - Train Loss: 4.4934, Train Acc: 28.23%, Test Loss: 5.7608, Test Acc: 7.39%
Epoch 48/100 - Train Loss: 4.4621, Train Acc: 28.85%, Test Loss: 5.7660, Test Acc: 7.43%
Epoch 49/100 - Train Loss: 4.4311, Train Acc: 29.45%, Test Loss: 5.7723, Test Acc: 7.47%
Epoch 50/100 - Train Loss: 4.3999, Train Acc: 30.10%, Test Loss: 5.7788, Test Acc: 7.46%
Epoch 51/100 - Train Loss: 4.3686, Train Acc: 30.71%, Test Loss: 5.7860, Test Acc: 7.49%
Epoch 52/100 - Train Loss: 4.3375, Train Acc: 31.42%, Test Loss: 5.7939, Test Acc: 7.43%
Epoch 53/100 - Train Loss: 4.3057, Train Acc: 32.10%, Test Loss: 5.8021, Test Acc: 7.49%
Epoch 54/100 - Train Loss: 4.2741, Train Acc: 32.75%, Test Loss: 5.8106, Test Acc: 7.47%
Epoch 55/100 - Train Loss: 4.2425, Train Acc: 33.49%, Test Loss: 5.8201, Test Acc: 7.46%
Epoch 56/100 - Train Loss: 4.2107, Train Acc: 34.12%, Test Loss: 5.8304, Test Acc: 7.45%
Epoch 57/100 - Train Loss: 4.1792, Train Acc: 34.77%, Test Loss: 5.8410, Test Acc: 7.47%
Epoch 58/100 - Train Loss: 4.1469, Train Acc: 35.49%, Test Loss: 5.8517, Test Acc: 7.45%
Epoch 59/100 - Train Loss: 4.1140, Train Acc: 36.23%, Test Loss: 5.8626, Test Acc: 7.46%
Epoch 60/100 - Train Loss: 4.0816, Train Acc: 36.89%, Test Loss: 5.8749, Test Acc: 7.41%
Epoch 61/100 - Train Loss: 4.0494, Train Acc: 37.53%, Test Loss: 5.8877, Test Acc: 7.41%
Epoch 62/100 - Train Loss: 4.0168, Train Acc: 38.22%, Test Loss: 5.9011, Test Acc: 7.41%
Epoch 63/100 - Train Loss: 3.9844, Train Acc: 38.94%, Test Loss: 5.9150, Test Acc: 7.37%
Epoch 64/100 - Train Loss: 3.9516, Train Acc: 39.62%, Test Loss: 5.9294, Test Acc: 7.34%
Epoch 65/100 - Train Loss: 3.9190, Train Acc: 40.30%, Test Loss: 5.9442, Test Acc: 7.35%
Epoch 66/100 - Train Loss: 3.8863, Train Acc: 41.00%, Test Loss: 5.9593, Test Acc: 7.36%
Epoch 67/100 - Train Loss: 3.8537, Train Acc: 41.79%, Test Loss: 5.9754, Test Acc: 7.37%
Epoch 68/100 - Train Loss: 3.8213, Train Acc: 42.48%, Test Loss: 5.9926, Test Acc: 7.27%
Epoch 69/100 - Train Loss: 3.7893, Train Acc: 43.21%, Test Loss: 6.0100, Test Acc: 7.25%
Epoch 70/100 - Train Loss: 3.7568, Train Acc: 43.89%, Test Loss: 6.0280, Test Acc: 7.20%
Epoch 71/100 - Train Loss: 3.7238, Train Acc: 44.69%, Test Loss: 6.0463, Test Acc: 7.21%
Epoch 72/100 - Train Loss: 3.6918, Train Acc: 45.44%, Test Loss: 6.0657, Test Acc: 7.16%
Epoch 73/100 - Train Loss: 3.6593, Train Acc: 46.11%, Test Loss: 6.0855, Test Acc: 7.12%
Epoch 74/100 - Train Loss: 3.6268, Train Acc: 46.87%, Test Loss: 6.1050, Test Acc: 7.11%
Epoch 75/100 - Train Loss: 3.5952, Train Acc: 47.58%, Test Loss: 6.1263, Test Acc: 7.03%
Epoch 76/100 - Train Loss: 3.5630, Train Acc: 48.35%, Test Loss: 6.1474, Test Acc: 7.03%
Epoch 77/100 - Train Loss: 3.5308, Train Acc: 49.10%, Test Loss: 6.1692, Test Acc: 6.98%
Epoch 78/100 - Train Loss: 3.4988, Train Acc: 49.81%, Test Loss: 6.1914, Test Acc: 6.97%
Epoch 79/100 - Train Loss: 3.4667, Train Acc: 50.52%, Test Loss: 6.2145, Test Acc: 6.97%
Epoch 80/100 - Train Loss: 3.4348, Train Acc: 51.22%, Test Loss: 6.2376, Test Acc: 6.97%
Epoch 81/100 - Train Loss: 3.4033, Train Acc: 52.00%, Test Loss: 6.2618, Test Acc: 6.97%
Epoch 82/100 - Train Loss: 3.3716, Train Acc: 52.72%, Test Loss: 6.2858, Test Acc: 6.91%
Epoch 83/100 - Train Loss: 3.3400, Train Acc: 53.47%, Test Loss: 6.3108, Test Acc: 6.89%
Epoch 84/100 - Train Loss: 3.3087, Train Acc: 54.23%, Test Loss: 6.3362, Test Acc: 6.88%
Epoch 85/100 - Train Loss: 3.2776, Train Acc: 55.00%, Test Loss: 6.3621, Test Acc: 6.80%
Epoch 86/100 - Train Loss: 3.2465, Train Acc: 55.74%, Test Loss: 6.3893, Test Acc: 6.79%
Epoch 87/100 - Train Loss: 3.2157, Train Acc: 56.52%, Test Loss: 6.4165, Test Acc: 6.77%
Epoch 88/100 - Train Loss: 3.1860, Train Acc: 57.22%, Test Loss: 6.4443, Test Acc: 6.73%
Epoch 89/100 - Train Loss: 3.1548, Train Acc: 57.99%, Test Loss: 6.4714, Test Acc: 6.71%
Epoch 90/100 - Train Loss: 3.1255, Train Acc: 58.71%, Test Loss: 6.5005, Test Acc: 6.64%
Epoch 91/100 - Train Loss: 3.0942, Train Acc: 59.53%, Test Loss: 6.5277, Test Acc: 6.67%
Epoch 92/100 - Train Loss: 3.0655, Train Acc: 60.17%, Test Loss: 6.5588, Test Acc: 6.64%
Epoch 93/100 - Train Loss: 3.0352, Train Acc: 60.90%, Test Loss: 6.5877, Test Acc: 6.60%
Epoch 94/100 - Train Loss: 3.0059, Train Acc: 61.65%, Test Loss: 6.6179, Test Acc: 6.65%
Epoch 95/100 - Train Loss: 2.9769, Train Acc: 62.38%, Test Loss: 6.6486, Test Acc: 6.57%
Epoch 96/100 - Train Loss: 2.9490, Train Acc: 63.11%, Test Loss: 6.6807, Test Acc: 6.51%
Epoch 97/100 - Train Loss: 2.9210, Train Acc: 63.80%, Test Loss: 6.7119, Test Acc: 6.44%
Epoch 98/100 - Train Loss: 2.8924, Train Acc: 64.56%, Test Loss: 6.7432, Test Acc: 6.42%
Epoch 99/100 - Train Loss: 2.8654, Train Acc: 65.24%, Test Loss: 6.7768, Test Acc: 6.37%
Epoch 100/100 - Train Loss: 2.8376, Train Acc: 65.92%, Test Loss: 6.8087, Test Acc: 6.39%
Saved trained weights to v1_weights_full.json
Saved training curves to training_curves.png
